═══ Inka Bootstrap: trace-harness runner ═══
[1] infer/scheme_monomorphic.wat
    paragraph: §2.4 empty-quantification short-circuit + §11.2 "Forall([], _)"
    ✓ PASS
[2] infer/scheme_polymorphic.wat
    paragraph: §2.3 algorithm box + §11.2 "Forall([qid], TFun([qid], qid, EfPure))"
    ✓ PASS
[3] infer/scheme_free_in_ty.wat
    paragraph: §2.4 $free_handles + scheme.wat 14-arm walker + ROADMAP §3 closure
    ✓ PASS
[4] infer/scheme_ty_substitute.wat
    paragraph: §2.3 $ty_substitute walks each variant
    ✓ PASS
[5] infer/scheme_subst_map.wat
    paragraph: scheme.wat:351-415 substitution-map trio
    ✓ PASS
[6] infer/scheme_recursion_parity.wat
    paragraph: ROADMAP §3 acceptance + scheme.wat:587-651
    ✓ PASS
[7] infer/emit_diag_render_ty.wat
    paragraph: emit_diag.wat:486-611 + 14-variant coverage + cycle-bound
    ✓ PASS
[8] infer/emit_diag_emit_helpers.wat
    paragraph: emit_diag.wat:648-908 + Hazel productive-under-error
    ✓ PASS
[9] infer/unify_ground_match.wat
    paragraph: §3 + §11 acceptance — TInt × TInt success
    ✓ PASS
[10] infer/unify_ground_mismatch.wat
    paragraph: §3 + §11 acceptance — TInt × TString fires E_TypeMismatch + NErrorHole binding (Hazel productive-under-error)
    ✓ PASS
[11] infer/unify_var_bind_no_occurs.wat
    paragraph: §3 + §11 acceptance — TVar(h_a) × TInt-bound h_b binds h_a → TVar(h_b); chase resolves to TInt
    ✓ PASS
[12] infer/unify_var_bind_occurs_fail.wat
    paragraph: §3 + §11 acceptance — TVar(h_a) × TList(TVar(h_a)) fires E_OccursCheck; h_a binds to NErrorHole (productive-under-error refused gradient step)
    ✓ PASS
[13] infer/own_consume_first.wat
    paragraph: §5 + §11 acceptance — first-time consume path (silent, ledger updated)
    ✓ PASS
[14] infer/own_consume_double.wat
    paragraph: §5 + §11 acceptance — double-consume (E_OwnershipViolation + NErrorHole binding per Hazel)
    ✓ PASS
[15] infer/own_branch_collision.wat
    paragraph: §5 + src/own.nx:118-154 branch protocol + §11 acceptance — branch_enter/divider/exit with shared name in two branches
    ✓ PASS
[16] infer/own_ref_escape.wat
    paragraph: §5 + src/own.nx:371-376 + §11 acceptance — ref-escape candidate matches return leaf, NErrorHole bound + diagnostic emitted; silent path negation also covered
    ✓ PASS
[17] infer/walk_expr_lit_int.wat
    paragraph: §4.3 production pattern 1 + §9 worked trace — LitInt arm
    ✓ PASS
[18] infer/walk_expr_var_ref_miss.wat
    paragraph: §4.3 production pattern 4 + Hazel productive-under-error — VarRef miss → NErrorHole
    ✓ PASS
[19] infer/walk_expr_binop_arith.wat
    paragraph: §4.3 production pattern 1 + §9.2 worked trace — BinOpExpr BKArith path
    ✓ PASS
[20] infer/walk_expr_call_through_unify.wat
    paragraph: §4.3 production pattern 2 + §9 trace — CallExpr unifies callee against built TFun
    ✓ PASS
[21] infer/walk_stmt_let_simple.wat
    paragraph: §4.2 + §11.2 — LetStmt PVar binds Forall([], TVar(eh)); subsequent env_lookup hits and TVar chases to TInt
    ✓ PASS
[22] infer/walk_stmt_fn_monomorphic.wat
    paragraph: §4.2 + §11.2 — FnStmt arm two-pass: pre-bind placeholder, walk body, generalize, re-extend; produces Forall(_, TFun(...))
    ✓ PASS
[23] infer/walk_stmt_fn_recursive.wat
    paragraph: §4.2 + state.wat §1 fn-stack — FnStmt pre-bind enables body's recursive VarRef to resolve through env_lookup before generalize
    ✓ PASS
[24] infer/walk_stmt_block_with_stmts.wat
    paragraph: §4.2 + §13.3 #9 closure — BlockExpr arm now walks stmts via $infer_stmt_list before final_expr; let-bound names resolve in final_expr via env_lookup
    ✓ PASS
[25] infer/main_inka_infer_smoke.wat
    paragraph: §8.1 main.wat row + §10.3 clean handoff + §11 acceptance — $inka_infer pipeline-stage boundary delegates to $infer_program; empty stmts initializes graph+env+infer state; LetStmt path env_extends a binding visible via $env_lookup post-call
    ✓ PASS
[26] lower/state_init.wat
    paragraph: §1.2 LowerCtx state shape + §10.1 acceptance — locals ledger + captures ledger + slot counter + idempotent init + reset
    ✓ PASS
[27] lower/lookup_ty_nbound.wat
    paragraph: §1.1 NBound arm + §10.1 acceptance — TInt round-trip via $graph_bind
    ✓ PASS
[28] lower/lookup_ty_nerrorhole.wat
    paragraph: §1.1 NErrorHole arm + §11 audit lock + §10.1 acceptance — NErrorHole → tag 114 sentinel
    ✓ PASS
[29] lower/monomorphic_at_pure.wat
    paragraph: §3.2 monomorphism gate + §10.1 acceptance — Pure row → 1
    ✓ PASS
[30] lower/monomorphic_at_open.wat
    paragraph: §3.2 monomorphism gate + §10.1 acceptance — Open row → 0
    ✓ PASS
[31] lower/lexpr_lconst_roundtrip.wat
    paragraph: §2 LConst roundtrip — $lexpr_make_lconst + $lexpr_handle + $lexpr_lconst_value + tag check
    ✓ PASS
[32] lower/lexpr_lcall_field_extraction.wat
    paragraph: §2 LCall arity-3 roundtrip
    ✓ PASS
[33] lower/lexpr_lmakecontinuation_arity6.wat
    paragraph: §2 LMakeContinuation arity-6 roundtrip — H7 substrate; field-ordering proof
    ✓ PASS
[34] lower/lexpr_handle_universal.wat
    paragraph: §2 + §6 + §11 — $lexpr_handle universal across LConst/LCall/LIf + tag-313 LDeclareFn returns 0
    ✓ PASS
[35] lower/emit_diag_unresolved_type.wat
    paragraph: §1.1 lines 165-172 + §11 boundary lock — $lower_emit_unresolved_type emits E_UnresolvedType to stderr and returns (emit-only; caller-side trap preserved per spec 05 invariant 2)
    ✓ PASS
[36] lower/classify_oneshot.wat
    paragraph: §3.1 lines 331-334 — TCont(_, OneShot=250) → strategy 1 (Linear) per conservative-seed $is_tail_resumptive default
    ✓ PASS
[37] lower/classify_multishot.wat
    paragraph: §3.1 lines 335-336 — TCont(_, MultiShot=251) → strategy 2 (heap-captured continuation per H7)
    ✓ PASS
[38] lower/classify_either.wat
    paragraph: §3.1 lines 337-340 + §11 line 922 — TCont(_, Either=252) → strategy 1 (Linear) per Either-discipline seed-default lock at $either_strategy
    ✓ PASS
[39] lower/walk_const_lit_int.wat
    paragraph: §4.2 LitInt arm + §10.1 acceptance — 42 round-trips through LConst tag 300
    ✓ PASS
[40] lower/walk_const_var_ref_local.wat
    paragraph: §4.2 VarRef-RLocal arm + Lock #1 — LLocal carries binding-time ty_handle not AST handle
    ✓ PASS
[41] lower/walk_const_var_ref_global.wat
    paragraph: §4.2 VarRef-RGlobal arm — unbound name lowers to LGlobal
    ✓ PASS
[42] lower/walk_call_monomorphic.wat
    paragraph: §3.2 + §4.2 + Lock #1 — Pure-row callee → LCall tag 308
    ✓ PASS
[43] lower/walk_call_polymorphic.wat
    paragraph: §3.2 + §4.2 + Lock #1 + Lock #7 — Open-row callee → LSuspend tag 325 with empty evs
    ✓ PASS
[44] lower/walk_perform_oneshot.wat
    paragraph: §4.2 + Lock #2 — wheel-parity LPerform regardless of discipline
    ✓ PASS
[45] lower/walk_handle_simple.wat
    paragraph: §4.2 + Lock #1 — HandleExpr empty arms + LitInt body → LBlock containing LHandle (tag 332) NOT LHandleWith
    ✓ PASS
[46] lower/walk_handle_arm_decls.wat
    paragraph: §4.2 + Lock #7 — lower one handler arm record to [LDeclareFn(LowFn("op_ping", 1, ["x"], [7], Pure))] and prove arg scope pop
    ✓ PASS
[47] emit/emit_lmakeclosure.wat
    paragraph: Phase D — Hβ.emit.handler-fnref-substrate — $emit_lmakeclosure tag 311: alloc→store fn_ptr→store nc→store caps; output buffer scanned for "$f_idx)" "state_tmp" "i32.const" substrings; closure record IS __state; Drift 1 refusal proven physical
bootstrap/test/.assembled/emit_emit_lmakeclosure.assembled.wat:23981:15: error: undefined function variable "$eprint_i32"
        (call $eprint_i32 (global.get $out_pos))
              ^^^^^^^^^^^
    ✗ FAIL
      FAIL Phase D: exact output mismatch for closur(global.get $heap_ptr)(local.set $state_tmp)(global.get $heap_ptr)(i32.const 12)(i32.add)(global.set $heap_ptr)(local.get $state_tmp)(global.get $f_idx)(i32.store offset=0)(local.get $state_tmp)(i32.const 1)(i32.store offset=4)(local.get $state_tmp)(i32.const 42)(i32.store offset=8)(local.get $state_tmp)
[48] lower/walk_pipe_forward.wat
    paragraph: §4.2 + spec 10 PForward — `LitInt(1) |> VarRef("f")` → LCall tag 308
    ✓ PASS
[49] lower/walk_pipe_compose.wat
    paragraph: §4.2 + spec 10 PCompose — `f >< g` → LMakeTuple tag 317 pair
    ✓ PASS
[50] lower/walk_pipe_feedback.wat
    paragraph: §4.2 + spec 10 PFeedback + Lock #5 — `body <~ spec` → LFeedback tag 330
    ✓ PASS
[51] lower/walk_compound_if.wat
    paragraph: §4.2 + Lock #10 — IfExpr(LitBool(true), LitInt(1), LitInt(2)) → LIf tag 314 + single-elem then/else branches
    ✓ PASS
[52] lower/walk_compound_make_list.wat
    paragraph: §4.2 — MakeListExpr([LitInt(1), LitInt(2), LitInt(3)]) → LMakeList tag 316 + elems length 3
    ✓ PASS
[53] lower/walk_compound_make_tuple.wat
    paragraph: §4.2 — MakeTupleExpr([LitInt(7), LitInt(8)]) → LMakeTuple tag 317 + elems length 2
    ✓ PASS
[54] lower/walk_compound_field.wat
    paragraph: §4.2 + Lock #4 — FieldExpr(LitInt(0), "x") → LFieldLoad tag 334 + offset_bytes 0 sentinel
    ✓ PASS
[55] lower/walk_compound_lambda.wat
    paragraph: §4.2 + Lock #1+#11 — LambdaExpr([], LitInt(42)) → LMakeClosure tag 311 with LowFn(int_to_str(handle), 0, [], [42], Pure) + caps/evs empty
    ✓ PASS
[56] lower/walk_compound_binop.wat
    paragraph: src/lower.nx:341-342 + binop-arm follow-up closure — BinOpExpr(BAdd, 2, 3) → LBinOp tag 306
    ✓ PASS
[57] lower/walk_stmt_let.wat
    paragraph: §4.3 + Lock #5/#6 — LetStmt(PVar("x"), LitInt(42)) → LLet tag 304 + name "x"
    ✓ PASS
[58] lower/walk_stmt_fn.wat
    paragraph: §4.3 + Lock #1/#2/#3 — FnStmt("double",[],_,_,LitInt(0)) → LLet wrapping LMakeClosure whose fn field is LowFn("double", 0, [], [0], Pure)
    ✓ PASS
[59] lower/walk_stmt_expr.wat
    paragraph: §4.3 + Lock #8 — ExprStmt(LitInt(7)) → LConst tag 300 passthrough
    ✓ PASS
[60] lower/walk_stmt_program.wat
    paragraph: §4.3 + Lock #11 — $lower_stmt_list over 3-stmt list → 3-element LowExpr list
    ✓ PASS
[61] lower/main_inka_lower_smoke.wat
    paragraph: §4.3 + §10.3 + §11 acceptance — $inka_lower pipeline-stage boundary delegates to $lower_program; empty stmts returns empty list; ExprStmt(LitInt(42)) lowers to LConst tag 300 with value 42
    ✓ PASS
[62] emit/state_init.wat
    paragraph: §3 + §3.5 + §5.1 + §7.1 + §8 + §11.3 — emit-time funcref-table accumulator + body-context captures+evidence pair + string-intern table; mirror of wheel src/backends/wasm.nx:117-128 string_table + 944-978 emit_fn_body + 960-961 set_body_captures/_evidence
    ✓ PASS
[63] emit/lookup_dispatch.wat
    paragraph: §2.1 + §2.4 + §3 + §5.1 + §7.1 + §8 + §11.3 — type-driven dispatch: $emit_wat_type_for uniform i32 + $emit_arity_of_tfun TFun→arity gradient cash-out + $emit_is_terror_hole Hazel productive-under-error sentinel + $emit_op_symbol H1.4 op_<name> concat
    ✓ PASS
[64] emit/emit_const_lconst.wat
    paragraph: §2.1 + §3.5 + §5.1 + §7.1 + §8 + §11.3 — LConst tag-300 4-arm Ty dispatch: TInt→"(i32.const 7)" + TUnit→"(i32.const 0)" + TError-hole→"(unreachable)" + TString→intern+"(i32.const 65536)"; byte-comparison via $out_base/$out_pos round-trip
    ✓ PASS
[65] emit/emit_const_make_arms.wat
    paragraph: §2.1 + §3.5 + §5.1 + §7.1 + §8 + §11.3 — peer Hβ.emit.const-make-arms — 5-phase byte-comparison: LMakeList tag 316 + LMakeTuple tag 317 + LMakeRecord tag 318 + LMakeVariant tag 319 (nullary tag_id=0 sentinel + fielded tag_id=42 heap-alloc); HB drift-6 closure proven via Phase 4 + Phase 5; $emit_alloc bump-pattern emission via $ec_emit_global_get/set_heap_ptr helpers; $emit_lexpr partial dispatcher recursion through LConst sub-elements
    ✓ PASS
[66] emit/emit_local_arms.wat
    paragraph: §2.2 + §5.1 + §7.1 + §8 + §11.3 — chunk #4 emit_local.wat — 7-phase byte-comparison over §2.2 local-scope family (LLocal/LGlobal/LStore/LUpval/LStateGet/LStateSet/LFieldLoad); $emit_lexpr retrofit recursion through LConst sub-elements; H1.6 evidence reification cash-out at LUpval (closure record IS the unified __state)
    ✓ PASS
[67] emit/emit_control_arms.wat
    paragraph: §2.3 + §5.1 + §7.1 + §8 + §11.3 — chunk #5 emit_control.wat — 5-phase byte-comparison over §2.3 control family (LReturn/LIf/LBlock/LMatch/LRegion); $emit_lexpr retrofit; LMatch empty-arms emits "(unreachable)" complementing inference-time E_PatternInexhaustive; LMatch nonempty-arms is named follow-up Hβ.emit.lmatch-pattern-compile awaiting LowPat substrate
    ✓ PASS
[68] emit/emit_call_arms.wat
    paragraph: §2.4 + §3.5 + §5.1 + §7.1 + §8 + §11.3 — THE GRADIENT CASH-OUT chunk #6 emit_call.wat — 6-phase byte-comparison: LBinOp BAdd integer-tag (140) + LUnaryOp UNeg (160) + LUnaryOp UNot (161) — proves UnaryOp ADT integer-tag dispatch (drift 8 refusal); LIndex non-string ($list_index) + LIndex string ($byte_at) — proves substrate-correct dispatch (vs wheel's flat-arithmetic drift); LCall (W7 closure-call convention via call_indirect through fn-ptr field) — proves Drift 1 refusal at the load-bearing arm
    ✓ PASS
[69] emit/emit_handler_arms.wat
    paragraph: §2.5 + §3 + §5.1 + §7.1 + §8 + §11.3 — chunk #7 emit_handler.wat where ~> and <~ become physical at WAT — 7-phase byte-comparison: LLet "(local.set \$<name>)" + LDeclareFn expression-position no-op marker + LHandleWith / LHandle inert tail-resumptive seed + LFeedback `<~` state-machine lowering (load-prior + tee-current + store-current — SUBSTRATE.md §II "Feedback IS Inka's Genuine Novelty" proven physical) + LPerform "(call \$op_<name>)" H1.4 monomorphic + LEvPerform H1 evidence-reification — fn_idx is FIELD on closure record at offset 8+4*body_cc+4*slot, NOT vtable
    ✓ PASS
[70] emit/main_inka_emit_smoke.wat
    paragraph: §4 + §10.3 + §11.3 — CASCADE CLOSURE acceptance — \$inka_emit pipeline-stage boundary smoke-tests over empty + 2-element LowExpr lists; verifies \$emit_lowir_program iterates the list via \$list_index and \$emit_lexpr emits each element's WAT to \$out_base; the cleanly-handed-off LowExpr list from \$inka_lower's output round-trips through \$inka_emit
    ✓ PASS
[71] runtime/arena_smoke.wat
    paragraph: Hβ-arena §1.2 + §1.3 + §4 + §7.1 + §7.4 + Anchor 0 ultimate-form audit — 6-phase explicit-allocator-surface acceptance: $alloc-alias-to-perm range + $stage_alloc range + $stage_reset rewinds + $fn_alloc range + $fn_reset rewinds + $perm_promote ownership-transfer (range + byte-equality)
    ✓ PASS
[72] infer/parser_ast_shape_diag.wat
    paragraph: Phase B (deep-toasting-bachman) — substrate-honest diagnostic harness for the 0x2213838 OOB trap; lex+parse_program on `fn f(x) = x` and walk-validate every field of N + NStmt + FnStmt asserting sentinel-or-valid-pointer; then drive $inka_infer to confirm AST is shape-valid. Mentl-Diagnostic projection at seed level — Verify obligation hand-rolled. V1 of the gradient toward refinement-typed constructors
    ✓ PASS
[73] lower/lowfn_smoke.wat
    paragraph: Phase C.1 — LowFn record substrate tag 350; constructs LowFn("double", 1, params, body, row) and verifies all 5 accessors round-trip
    ✓ PASS
[74] lower/lowpat_arms.wat
    paragraph: Phase C.2 — LowPat ADT substrate tags 360-369; constructs all 9 LowPat variants + LPArm and verifies tag values + $lowpat_handle universal extractor + per-variant field extraction
    ✓ PASS

═══ Summary ═══
    Total:  74
    Passed: 73
    Failed: 1

Failed harnesses:
  - emit/emit_lmakeclosure.wat
