=== Why Engine ===
--- let x = 42 ---
x: Int
  WHY: let x = ..

x: Int
  WHY: let x = ..
  â integer literal

--- let y = 1 + 2 * 3 ---
y: Int
  WHY: let y = ..

y: Int
  WHY: let y = ..
  â Add requires numeric arguments

--- fn add(a, b) = a + b ---
add: (Int, Int) -> Int
  WHY: fn add declaration

add: (Int, Int) -> Int
  WHY: fn add declaration
  â return type of fn add

add: (Int, Int) -> Int
  WHY: fn add declaration
  â return type of fn add
  â Add requires numeric arguments

--- let r = if true 1 else 2 ---
r: Int
  WHY: let r = ..
  â if/else branches

--- full program with reasons ---
x: Int
  WHY: let x = ..
  â integer literal
double: (Int) -> Int
  WHY: fn double declaration
  â return type of fn double
y: Int
  WHY: let y = ..
  â function application

--- match expression ---
x: Int
  WHY: let x = ..
  â match expression

--- lambda ---
f: (Int) -> Int
  WHY: let f = ..

--- lambda applied ---
f: (Int) -> Int
  WHY: let f = ..
  â lambda
y: Int
  WHY: let y = ..
  â function application

--- match with wildcard ---
r: Int
  WHY: let r = ..
  â match expression

--- let destructure ---
a: Int
b: Int

--- nested lambda ---
add: (Int) -> (Int) -> Int
  WHY: let add = ..

--- pure function ---
pure_add: (Int, Int) -> Int
  WHY: fn pure_add declaration

--- negated effect ---
no_alloc: (Int) -> Int
  WHY: fn no_alloc declaration

=== The compiler teaches ===
