âââ Lux DSP: Soft Clip + Drive âââ
Pipe-based signal chain through effect handlers
drive=3.0, mix=0.8

  0 | +ââââââââââââââââââââââââââââââââââââââââââââ 1.1039999999999999
  1 | +ââââââââââââââââââââââââââââââââââââââââââââ 1.1039999999999999
  2 | +ââââââââââââââââââââââââââââââââââââââââââââ 1.1039999999999999
  3 | +ââââââââââââââââââââââââââââââââââââââââââââ 1.1039999999999999
  4 | +ââââââââââââââââââââââââââââââââââââââââââââ 1.1039999999999999
  5 | +ââââââââââââââââââââââââââââââââââââââââââââ 1.1039999999999999
  6 | +ââââââââââââââââââââââââââââââââââââââââââââ 1.1039999999999999
  7 | +ââââââââââââââââââââââââââââââââââââââââââââ 1.1039999999999999
  8 | +ââââââââââââââââââââââââââââââââââââââââââââ 1.1039999999999999
  9 | +ââââââââââââââââââââââââââââââââââââââââââââ 1.1039999999999999
 10 | +ââââââââââââââââââââââââââââââââââââââââââââ 1.1039999999999999
 11 | +ââââââââââââââââââââââââââââââââââââââââââââ 1.1039999999999999
 12 | +ââââââââââââââââââââââââââââââââââââââââââââ 1.1039999999999999
 13 | +ââââââââââââââââââââââââââââââââââââââââââââ 1.1039999999999999
 14 | +ââââââââââââââââââââââââââââââââââââââââââââ 1.1039999999999999
 15 | +ââââââââââââââââââââââââââââââââââââââââââââ 1.1039999999999999

ââ What This Crucible Proves ââ
â¢ Effects as audio callback: read_input / write_output / knob
â¢ Pipe as signal chain: x |> dsp_gain(drive) |> soft_clip
â¢ Handler as hardware: resume(input_val) swaps for DMA
â¢ Functions are pure, composable, allocation-free

ââ What This Crucible Still Demands ââ
â¢ Handler-local state for filter memory (delays, biquads)
â¢ !Alloc proof through entire callback chain
â¢ Nested handlers: Audio wrapping Delay wrapping Param
â¢ cos/sin builtins for filter coefficient computation

On Daisy Seed Rev7: swap handler â SAI/DMA. Same algorithm.
