âââââââââââââââââââââââââââââââââââââââ
  Lux DSP Crucible
  signal chain: x |> gain(3) |> soft_clip |> gain(0.5)
  mix: 80% wet, 20% dry
âââââââââââââââââââââââââââââââââââââââ

0  in:1  +âââââââââââââââ
1  in:0.8  +ââââââââââ
2  in:0.6  +ââââââââââ
3  in:0.4  +âââââ
4  in:0.2  +âââââ
5  in:0  +
6  in:-0.2  -âââââ
7  in:-0.4  -âââââ
8  in:-0.6  -ââââââââââ
9  in:-0.4  -âââââ
10  in:-0.2  -âââââ
11  in:0  +
12  in:0.5  +ââââââââââ
13  in:0.9  +ââââââââââ
14  in:0.5  +ââââââââââ
15  in:0  +

âââ What just happened âââ
read_input/write_output: Audio effect, the hardware boundary
signal chain: pure functions composed left-to-right
handle block: the callback IS effect dispatch
Swap the handler for SAI/DMA and the callback runs on metal

The musician sees audio flow. The compiler sees pure dispatch.
Same code. Both are right.
