ââââââââââââââââââââââââââââââââââââââââ
â  Self-Hosted VM â Full Test Suite    â
ââââââââââââââââââââââââââââââââââââââââ

ââ Literals ââ
  int: 42
  zero: 0
  neg: -7
  bool-T: true
  bool-F: false
ââ Arithmetic ââ
  add: 5
  sub: 7
  mul: 42
  div: 5
  mod: 2
  complex: 20
  nested: 7
ââ Comparison ââ
  eq-T: true
  eq-F: false
  neq: true
  lt: true
  gt: true
ââ Let Bindings ââ
  let: 15
  multi-let: 7
  shadow: 2
ââ Control Flow ââ
  if-T: 1
  if-F: 2
  if-cond: 99
ââ Functions ââ
  fn-call: 42
  fn-2arg: 30
  fn-expr: 25
  fn-if: 1
ââ Recursion ââ
  countdown: 0
  factorial: 120
  fibonacci: 55
ââ Collections ââ
  list-len: 3
  list-push: 3
  range: 5
ââ Strings ââ
  concat: 12
  len-str: 3
ââ Builtins ââ
  abs: Error: unknown variable 'abs' â did you mean 'push'?
42
  max: Error: unknown variable 'max' â did you mean 'len'?
7
  min: Error: unknown variable 'min' â did you mean 'len'?
3
ââ Effects: Handle/Resume ââ
  simple-handle: 42
  body-value: 15
  multi-resume: 30
  handler-state: 15
ââ Effects: Advanced ââ
  nested-handle: 111
  string-effect: hello world
  computed-resume: 10
  no-effect-body: 42
  effect-unit: 99
  sequential-state: 5

âââ All tests passed! âââ
